I'm sorry, but errors were detected in your script. Please correct the
errors listed below, and try again.


File "game/script.rpy", line 53: expected statement.
    cb_name = a
            ^

File "game/script.rpy", line 67: expected statement.
    Scb_name = None
             ^

Ren'Py Version: Ren'Py 8.5.3.26051504
Fri Jul  3 19:45:08 2026
